graph: 13745 nodes, 98307 edges; targets: ['t1', 't2', 't3', 't4', 't5']
building walk masks (top-32)...
  mask k=1: nnz=83260
  mask k=2: nnz=166675
  mask k=3: nnz=193921
  mask k=4: nnz=198208
[t1 s=0] mlp       test=0.673  (0 min)
[t1 s=1] mlp       test=0.661  (0 min)
[t1 s=2] mlp       test=0.646  (0 min)
[t1 s=3] mlp       test=0.672  (0 min)
[t1 s=4] mlp       test=0.710  (0 min)
  t1 mlp       0.672 +- 0.021
[t1 s=0] gcn       test=0.648  (0 min)
[t1 s=1] gcn       test=0.635  (0 min)
[t1 s=2] gcn       test=0.642  (1 min)
[t1 s=3] gcn       test=0.618  (1 min)
[t1 s=4] gcn       test=0.636  (2 min)
  t1 gcn       0.636 +- 0.010
[t1 s=0] gat       test=0.669  (2 min)
[t1 s=1] gat       test=0.649  (3 min)
[t1 s=2] gat       test=0.658  (4 min)
[t1 s=3] gat       test=0.660  (4 min)
[t1 s=4] gat       test=0.693  (5 min)
  t1 gat       0.666 +- 0.015
[t1 s=0] walkattn  test=0.672  (6 min)
[t1 s=1] walkattn  test=0.660  (7 min)
[t1 s=2] walkattn  test=0.650  (7 min)
[t1 s=3] walkattn  test=0.666  (7 min)
[t1 s=4] walkattn  test=0.718  (8 min)
  t1 walkattn  0.673 +- 0.023
[t2 s=0] mlp       test=0.568  (8 min)
[t2 s=1] mlp       test=0.577  (8 min)
[t2 s=2] mlp       test=0.532  (8 min)
[t2 s=3] mlp       test=0.573  (8 min)
[t2 s=4] mlp       test=0.574  (8 min)
  t2 mlp       0.565 +- 0.017
[t2 s=0] gcn       test=0.537  (8 min)
[t2 s=1] gcn       test=0.550  (9 min)
[t2 s=2] gcn       test=0.540  (9 min)
[t2 s=3] gcn       test=0.566  (9 min)
[t2 s=4] gcn       test=0.547  (9 min)
  t2 gcn       0.548 +- 0.010
[t2 s=0] gat       test=0.537  (10 min)
[t2 s=1] gat       test=0.540  (10 min)
[t2 s=2] gat       test=0.519  (10 min)
[t2 s=3] gat       test=0.593  (11 min)
[t2 s=4] gat       test=0.542  (11 min)
  t2 gat       0.546 +- 0.025
[t2 s=0] walkattn  test=0.587  (12 min)
[t2 s=1] walkattn  test=0.592  (12 min)
[t2 s=2] walkattn  test=0.571  (13 min)
[t2 s=3] walkattn  test=0.618  (14 min)
[t2 s=4] walkattn  test=0.602  (15 min)
  t2 walkattn  0.594 +- 0.016
[t3 s=0] mlp       test=0.532  (15 min)
[t3 s=1] mlp       test=0.530  (15 min)
[t3 s=2] mlp       test=0.512  (15 min)
[t3 s=3] mlp       test=0.516  (15 min)
[t3 s=4] mlp       test=0.548  (15 min)
  t3 mlp       0.527 +- 0.013
[t3 s=0] gcn       test=0.542  (15 min)
[t3 s=1] gcn       test=0.544  (15 min)
[t3 s=2] gcn       test=0.549  (15 min)
[t3 s=3] gcn       test=0.524  (15 min)
[t3 s=4] gcn       test=0.551  (16 min)
  t3 gcn       0.542 +- 0.010
[t3 s=0] gat       test=0.543  (16 min)
[t3 s=1] gat       test=0.558  (16 min)
[t3 s=2] gat       test=0.537  (16 min)
[t3 s=3] gat       test=0.550  (17 min)
[t3 s=4] gat       test=0.542  (17 min)
  t3 gat       0.546 +- 0.007
[t3 s=0] walkattn  test=0.566  (18 min)
[t3 s=1] walkattn  test=0.578  (18 min)
[t3 s=2] walkattn  test=0.536  (19 min)
[t3 s=3] walkattn  test=0.556  (20 min)
[t3 s=4] walkattn  test=0.562  (20 min)
  t3 walkattn  0.559 +- 0.014
[t4 s=0] mlp       test=0.521  (20 min)
[t4 s=1] mlp       test=0.515  (20 min)
[t4 s=2] mlp       test=0.507  (20 min)
[t4 s=3] mlp       test=0.541  (20 min)
[t4 s=4] mlp       test=0.511  (20 min)
  t4 mlp       0.519 +- 0.012
[t4 s=0] gcn       test=0.526  (21 min)
[t4 s=1] gcn       test=0.504  (21 min)
[t4 s=2] gcn       test=0.543  (21 min)
[t4 s=3] gcn       test=0.531  (21 min)
[t4 s=4] gcn       test=0.508  (22 min)
  t4 gcn       0.522 +- 0.014
[t4 s=0] gat       test=0.508  (22 min)
[t4 s=1] gat       test=0.505  (22 min)
[t4 s=2] gat       test=0.529  (22 min)
[t4 s=3] gat       test=0.531  (23 min)
[t4 s=4] gat       test=0.541  (23 min)
  t4 gat       0.523 +- 0.014
[t4 s=0] walkattn  test=0.544  (23 min)
[t4 s=1] walkattn  test=0.500  (24 min)
[t4 s=2] walkattn  test=0.541  (24 min)
[t4 s=3] walkattn  test=0.522  (24 min)
[t4 s=4] walkattn  test=0.523  (25 min)
  t4 walkattn  0.526 +- 0.016
[t5 s=0] mlp       test=0.811  (25 min)
[t5 s=1] mlp       test=0.826  (25 min)
[t5 s=2] mlp       test=0.822  (25 min)
[t5 s=3] mlp       test=0.815  (25 min)
[t5 s=4] mlp       test=0.813  (25 min)
  t5 mlp       0.818 +- 0.006
[t5 s=0] gcn       test=0.737  (25 min)
[t5 s=1] gcn       test=0.741  (25 min)
[t5 s=2] gcn       test=0.741  (25 min)
[t5 s=3] gcn       test=0.758  (26 min)
[t5 s=4] gcn       test=0.745  (26 min)
  t5 gcn       0.744 +- 0.008
[t5 s=0] gat       test=0.786  (27 min)
[t5 s=1] gat       test=0.766  (27 min)
[t5 s=2] gat       test=0.791  (27 min)
[t5 s=3] gat       test=0.803  (28 min)
[t5 s=4] gat       test=0.778  (29 min)
  t5 gat       0.785 +- 0.013
[t5 s=0] walkattn  test=0.819  (29 min)
[t5 s=1] walkattn  test=0.814  (29 min)
[t5 s=2] walkattn  test=0.844  (30 min)
[t5 s=3] walkattn  test=0.845  (31 min)
[t5 s=4] walkattn  test=0.818  (32 min)
  t5 walkattn  0.828 +- 0.013
saved C:\Users\cizai\Dropbox\Documentos\Doctorado Matemáticas\path-algebra-gnn\results\tables\hepph_models_5seeds.csv
